// 同步 ID: 982a23cf @ Wed Jul  8 17:20:28 UTC 2026
// 同步 ID: cc47b123 @ Sat Jul 11 06:51:28 UTC 2026
// 同步 ID: 2638e924 @ Sat Jul 11 10:50:04 UTC 2026
// 重构日志: 4dd56ee6
// 重构日志: b1f75920
// 同步 ID: 84e5be58 @ Tue Jul 14 06:26:55 UTC 2026
// 同步 ID: b2272a58 @ Wed Jul 15 17:24:10 UTC 2026
// 同步 ID: 3da81c05 @ Fri Jul 17 08:22:14 UTC 2026
// 同步 ID: 7e54ebce @ Wed Jul 22 08:20:55 UTC 2026
// 同步 ID: 43f99f92 @ Sat Jul 25 16:33:19 UTC 2026
// 同步 ID: b285ec2f @ Mon Jul 27 12:55:39 UTC 2026
// 同步 ID: ade64d5e @ Wed Jul 29 15:48:40 UTC 2026
// 重构日志: 74b59276
// 同步 ID: 9bfc5e37 @ Sun Aug  2 09:45:49 UTC 2026
// 同步 ID: 8638c4ea @ Sun Aug  2 13:37:30 UTC 2026
// 重构日志: afcd7321
// 重构日志: 97e12730
// 重构日志: 6ba34377
// 重构日志: f54cf42a
// 重构日志: 814066f7
// 重构日志: b4872d7c
// 同步 ID: f330c594 @ Tue Aug  4 17:33:38 UTC 2026
// 同步 ID: 91f6b5b5 @ Wed Aug  5 08:11:44 UTC 2026
// 重构日志: 81f3f62b
